
> pi-vagas@0.1.0 build
> next build

Ôû▓ Next.js 16.1.6 (Turbopack)

  Creating an optimized production build ...
Ô£ô Compiled successfully in 5.7s
  Running TypeScript ...
  Collecting page data using 7 workers ...
  Generating static pages using 7 workers (0/15) ...
cmd.exe : Error occurred prerendering page "/main/ajuda_candidato". Read more: 
https://nextjs.org/docs/messages/prerender-error
No linha:1 caractere:1
+ cmd.exe /c npm run build > build_output.txt 2>&1
+ ~~~~~~~~~~~~~~~~~~~~~~~~~~~~~~~~~~~~~~~~~~~~~~~~
    + CategoryInfo          : NotSpecified: (Error occurred ...prerender-error:String) [], RemoteException
    + FullyQualifiedErrorId : NativeCommandError
 
ReferenceError: document is not defined
    at Q (C:\Users\gustavo.adonofre\Desktop\CONTEUDO DO 
SENAC\REACT\pi-vagas\.next\server\chunks\ssr\_00262c45._.js:1:78026)
    at <unknown> (C:\Users\gustavo.adonofre\Desktop\CONTEUDO DO 
SENAC\REACT\pi-vagas\.next\server\chunks\ssr\_00262c45._.js:1:78854)
    at module evaluation (C:\Users\gustavo.adonofre\Desktop\CONTEUDO DO 
SENAC\REACT\pi-vagas\.next\server\chunks\ssr\_00262c45._.js:1:148046)
    at instantiateModule (C:\Users\gustavo.adonofre\Desktop\CONTEUDO DO 
SENAC\REACT\pi-vagas\.next\server\chunks\ssr\[turbopack]_runtime.js:740:9)
    at getOrInstantiateModuleFromParent (C:\Users\gustavo.adonofre\Desktop\CONTEUDO DO 
SENAC\REACT\pi-vagas\.next\server\chunks\ssr\[turbopack]_runtime.js:763:12)
    at Context.esmImport [as i] (C:\Users\gustavo.adonofre\Desktop\CONTEUDO DO 
SENAC\REACT\pi-vagas\.next\server\chunks\ssr\[turbopack]_runtime.js:228:20)
    at module evaluation (C:\Users\gustavo.adonofre\Desktop\CONTEUDO DO 
SENAC\REACT\pi-vagas\.next\server\chunks\ssr\_00262c45._.js:1:148103)
    at instantiateModule (C:\Users\gustavo.adonofre\Desktop\CONTEUDO DO 
SENAC\REACT\pi-vagas\.next\server\chunks\ssr\[turbopack]_runtime.js:740:9)
    at getOrInstantiateModuleFromParent (C:\Users\gustavo.adonofre\Desktop\CONTEUDO DO 
SENAC\REACT\pi-vagas\.next\server\chunks\ssr\[turbopack]_runtime.js:763:12)
    at Context.esmImport [as i] (C:\Users\gustavo.adonofre\Desktop\CONTEUDO DO 
SENAC\REACT\pi-vagas\.next\server\chunks\ssr\[turbopack]_runtime.js:228:20) {
  digest: '3125831385'
}
Export encountered an error on /main/ajuda_candidato/page: /main/ajuda_candidato, exiting the build.
Ô¿» Next.js build worker exited with code: 1 and signal: null
